// Jest Snapshot v1, https://jestjs.io/docs/snapshot-testing

exports[`HomePage tests 1`] = `
<DocumentFragment>
  <div
    class="home"
  >
    <h2>
       Welcome, Commanders!
    </h2>
    <p
      class="home"
    >
      In the not-so-distant future, Earth has fallen into ruin after centuries of environmental decline and neglect. But hope is not lost! Humanity has transformed other planets in our solar system into thriving, habitable worlds.
    </p>
    <p
      class="home"
    >
      As a Commander, your mission is critical: evacuate the remaining population from Earth and lead them to safety using advanced spacecraft.
    </p>
    <h3>
      ðŸš€ What You Can Do:
    </h3>
    <ul>
      <li>
        View a list of available spacecraft and their current locations and detailed specs.
      </li>
      <li>
        Build a new spacecraft to aid in the evacuation efforts.
      </li>
      <li>
        Decommission old and damaged spacecraft.
      </li>
      <li>
        Explore planets and see what spacecraft are stationed there.
      </li>
      <li>
        View a list of available spacecraft and their current locations.
      </li>
      <li>
        Send spacecraft from one planet to another to safely relocate people.
      </li>
    </ul>
    <p
      class="home"
    >
      This is your command center. Plan strategically, act swiftly, and lead humanity to a new beginning!
    </p>
  </div>
</DocumentFragment>
`;
